OpenJDK 64-Bit Server VM (25.252-b09) for linux-amd64 JRE (1.8.0_252-8u252-b09-1~18.04-b09), built on Apr 15 2020 18:48:05 by "buildd" with gcc 7.5.0
Memory: 4k page, physical 2006008k(84240k free), swap 969960k(969180k free)
CommandLine flags: -XX:+ExplicitGCInvokesConcurrent -XX:GCLogFileSize=104857600 -XX:InitialHeapSize=1073741824 -XX:InitiatingHeapOccupancyPercent=35 -XX:+ManagementServer -XX:MaxGCPauseMillis=20 -XX:MaxHeapSize=1073741824 -XX:MaxInlineLevel=15 -XX:NumberOfGCLogFiles=10 -XX:+PrintGC -XX:+PrintGCDateStamps -XX:+PrintGCDetails -XX:+PrintGCTimeStamps -XX:+UseCompressedClassPointers -XX:+UseCompressedOops -XX:+UseG1GC -XX:+UseGCLogFileRotation 
2020-06-08T20:06:05.312-0700: 1.005: [GC pause (G1 Evacuation Pause) (young), 0.0070219 secs]
   [Parallel Time: 4.2 ms, GC Workers: 2]
      [GC Worker Start (ms): Min: 1004.9, Avg: 1005.0, Max: 1005.0, Diff: 0.1]
      [Ext Root Scanning (ms): Min: 0.7, Avg: 0.9, Max: 1.1, Diff: 0.4, Sum: 1.8]
      [Update RS (ms): Min: 0.0, Avg: 0.0, Max: 0.0, Diff: 0.0, Sum: 0.0]
         [Processed Buffers: Min: 0, Avg: 0.0, Max: 0, Diff: 0, Sum: 0]
      [Scan RS (ms): Min: 0.0, Avg: 0.0, Max: 0.0, Diff: 0.0, Sum: 0.0]
      [Code Root Scanning (ms): Min: 0.1, Avg: 0.2, Max: 0.3, Diff: 0.3, Sum: 0.4]
      [Object Copy (ms): Min: 2.7, Avg: 3.0, Max: 3.3, Diff: 0.6, Sum: 5.9]
      [Termination (ms): Min: 0.0, Avg: 0.0, Max: 0.0, Diff: 0.0, Sum: 0.0]
         [Termination Attempts: Min: 1, Avg: 1.0, Max: 1, Diff: 0, Sum: 2]
      [GC Worker Other (ms): Min: 0.0, Avg: 0.0, Max: 0.0, Diff: 0.0, Sum: 0.0]
      [GC Worker Total (ms): Min: 4.0, Avg: 4.1, Max: 4.1, Diff: 0.1, Sum: 8.1]
      [GC Worker End (ms): Min: 1009.0, Avg: 1009.0, Max: 1009.0, Diff: 0.0]
   [Code Root Fixup: 0.0 ms]
   [Code Root Purge: 0.0 ms]
   [Clear CT: 0.1 ms]
   [Other: 2.7 ms]
      [Choose CSet: 0.0 ms]
      [Ref Proc: 2.2 ms]
      [Ref Enq: 0.0 ms]
      [Redirty Cards: 0.2 ms]
      [Humongous Register: 0.2 ms]
      [Humongous Reclaim: 0.0 ms]
      [Free CSet: 0.0 ms]
   [Eden: 52224.0K(52224.0K)->0.0B(45056.0K) Survivors: 0.0B->7168.0K Heap: 52224.0K(1024.0M)->8758.0K(1024.0M)]
 [Times: user=0.01 sys=0.00, real=0.01 secs] 
2020-06-08T20:06:05.709-0700: 1.402: [GC pause (Metadata GC Threshold) (young) (initial-mark), 0.0052131 secs]
   [Parallel Time: 3.7 ms, GC Workers: 2]
      [GC Worker Start (ms): Min: 1402.1, Avg: 1402.1, Max: 1402.2, Diff: 0.1]
      [Ext Root Scanning (ms): Min: 0.8, Avg: 0.8, Max: 0.9, Diff: 0.0, Sum: 1.7]
      [Update RS (ms): Min: 0.1, Avg: 0.1, Max: 0.1, Diff: 0.0, Sum: 0.2]
         [Processed Buffers: Min: 1, Avg: 1.0, Max: 1, Diff: 0, Sum: 2]
      [Scan RS (ms): Min: 0.0, Avg: 0.0, Max: 0.0, Diff: 0.0, Sum: 0.0]
      [Code Root Scanning (ms): Min: 0.0, Avg: 0.2, Max: 0.4, Diff: 0.3, Sum: 0.4]
      [Object Copy (ms): Min: 2.4, Avg: 2.5, Max: 2.7, Diff: 0.3, Sum: 5.1]
      [Termination (ms): Min: 0.0, Avg: 0.0, Max: 0.0, Diff: 0.0, Sum: 0.0]
         [Termination Attempts: Min: 1, Avg: 1.0, Max: 1, Diff: 0, Sum: 2]
      [GC Worker Other (ms): Min: 0.0, Avg: 0.0, Max: 0.0, Diff: 0.0, Sum: 0.0]
      [GC Worker Total (ms): Min: 3.6, Avg: 3.7, Max: 3.7, Diff: 0.1, Sum: 7.3]
      [GC Worker End (ms): Min: 1405.8, Avg: 1405.8, Max: 1405.8, Diff: 0.0]
   [Code Root Fixup: 0.0 ms]
   [Code Root Purge: 0.0 ms]
   [Clear CT: 0.1 ms]
   [Other: 1.3 ms]
      [Choose CSet: 0.0 ms]
      [Ref Proc: 1.0 ms]
      [Ref Enq: 0.0 ms]
      [Redirty Cards: 0.2 ms]
      [Humongous Register: 0.0 ms]
      [Humongous Reclaim: 0.0 ms]
      [Free CSet: 0.0 ms]
   [Eden: 25600.0K(45056.0K)->0.0B(45056.0K) Survivors: 7168.0K->7168.0K Heap: 34358.0K(1024.0M)->10180.0K(1024.0M)]
 [Times: user=0.01 sys=0.00, real=0.00 secs] 
2020-06-08T20:06:05.714-0700: 1.407: [GC concurrent-root-region-scan-start]
2020-06-08T20:06:05.717-0700: 1.410: [GC concurrent-root-region-scan-end, 0.0026464 secs]
2020-06-08T20:06:05.717-0700: 1.410: [GC concurrent-mark-start]
2020-06-08T20:06:05.717-0700: 1.410: [GC concurrent-mark-end, 0.0004014 secs]
2020-06-08T20:06:05.719-0700: 1.413: [GC remark 2020-06-08T20:06:05.719-0700: 1.413: [Finalize Marking, 0.0001728 secs] 2020-06-08T20:06:05.720-0700: 1.413: [GC ref-proc, 0.0000525 secs] 2020-06-08T20:06:05.720-0700: 1.413: [Unloading, 0.0030341 secs], 0.0035539 secs]
 [Times: user=0.00 sys=0.00, real=0.00 secs] 
2020-06-08T20:06:05.724-0700: 1.417: [GC cleanup 10835K->9811K(1024M), 0.0008846 secs]
 [Times: user=0.00 sys=0.00, real=0.00 secs] 
2020-06-08T20:06:05.724-0700: 1.418: [GC concurrent-cleanup-start]
2020-06-08T20:06:05.724-0700: 1.418: [GC concurrent-cleanup-end, 0.0000130 secs]
2020-06-08T20:06:06.342-0700: 2.035: [GC pause (G1 Evacuation Pause) (young), 0.0088220 secs]
   [Parallel Time: 5.8 ms, GC Workers: 2]
      [GC Worker Start (ms): Min: 2034.9, Avg: 2034.9, Max: 2034.9, Diff: 0.0]
      [Ext Root Scanning (ms): Min: 0.6, Avg: 0.9, Max: 1.1, Diff: 0.5, Sum: 1.7]
      [Update RS (ms): Min: 0.0, Avg: 0.1, Max: 0.1, Diff: 0.1, Sum: 0.1]
         [Processed Buffers: Min: 0, Avg: 1.0, Max: 2, Diff: 2, Sum: 2]
      [Scan RS (ms): Min: 0.0, Avg: 0.0, Max: 0.0, Diff: 0.0, Sum: 0.0]
      [Code Root Scanning (ms): Min: 0.2, Avg: 0.4, Max: 0.7, Diff: 0.5, Sum: 0.9]
      [Object Copy (ms): Min: 3.8, Avg: 4.3, Max: 4.8, Diff: 0.9, Sum: 8.6]
      [Termination (ms): Min: 0.0, Avg: 0.0, Max: 0.0, Diff: 0.0, Sum: 0.0]
         [Termination Attempts: Min: 1, Avg: 1.0, Max: 1, Diff: 0, Sum: 2]
      [GC Worker Other (ms): Min: 0.0, Avg: 0.0, Max: 0.0, Diff: 0.0, Sum: 0.0]
      [GC Worker Total (ms): Min: 5.6, Avg: 5.7, Max: 5.7, Diff: 0.0, Sum: 11.3]
      [GC Worker End (ms): Min: 2040.5, Avg: 2040.5, Max: 2040.5, Diff: 0.0]
   [Code Root Fixup: 0.1 ms]
   [Code Root Purge: 0.0 ms]
   [Clear CT: 0.1 ms]
   [Other: 2.8 ms]
      [Choose CSet: 0.0 ms]
      [Ref Proc: 2.4 ms]
      [Ref Enq: 0.0 ms]
      [Redirty Cards: 0.2 ms]
      [Humongous Register: 0.0 ms]
      [Humongous Reclaim: 0.0 ms]
      [Free CSet: 0.1 ms]
   [Eden: 45056.0K(45056.0K)->0.0B(45056.0K) Survivors: 7168.0K->7168.0K Heap: 180.9M(1024.0M)->143.4M(1024.0M)]
 [Times: user=0.01 sys=0.01, real=0.01 secs] 
2020-06-08T20:06:06.885-0700: 2.578: [GC pause (G1 Evacuation Pause) (young), 0.0073457 secs]
   [Parallel Time: 4.8 ms, GC Workers: 2]
      [GC Worker Start (ms): Min: 2578.6, Avg: 2578.6, Max: 2578.6, Diff: 0.1]
      [Ext Root Scanning (ms): Min: 0.7, Avg: 0.9, Max: 1.1, Diff: 0.4, Sum: 1.9]
      [Update RS (ms): Min: 0.2, Avg: 0.3, Max: 0.3, Diff: 0.1, Sum: 0.5]
         [Processed Buffers: Min: 8, Avg: 9.0, Max: 10, Diff: 2, Sum: 18]
      [Scan RS (ms): Min: 0.1, Avg: 0.1, Max: 0.2, Diff: 0.0, Sum: 0.3]
      [Code Root Scanning (ms): Min: 0.1, Avg: 0.1, Max: 0.1, Diff: 0.0, Sum: 0.2]
      [Object Copy (ms): Min: 3.1, Avg: 3.2, Max: 3.2, Diff: 0.2, Sum: 6.3]
      [Termination (ms): Min: 0.0, Avg: 0.0, Max: 0.0, Diff: 0.0, Sum: 0.0]
         [Termination Attempts: Min: 1, Avg: 1.0, Max: 1, Diff: 0, Sum: 2]
      [GC Worker Other (ms): Min: 0.0, Avg: 0.0, Max: 0.0, Diff: 0.0, Sum: 0.0]
      [GC Worker Total (ms): Min: 4.6, Avg: 4.6, Max: 4.7, Diff: 0.1, Sum: 9.2]
      [GC Worker End (ms): Min: 2583.2, Avg: 2583.2, Max: 2583.2, Diff: 0.0]
   [Code Root Fixup: 0.0 ms]
   [Code Root Purge: 0.0 ms]
   [Clear CT: 0.2 ms]
   [Other: 2.3 ms]
      [Choose CSet: 0.0 ms]
      [Ref Proc: 1.9 ms]
      [Ref Enq: 0.0 ms]
      [Redirty Cards: 0.3 ms]
      [Humongous Register: 0.0 ms]
      [Humongous Reclaim: 0.0 ms]
      [Free CSet: 0.0 ms]
   [Eden: 45056.0K(45056.0K)->0.0B(45056.0K) Survivors: 7168.0K->7168.0K Heap: 187.4M(1024.0M)->147.0M(1024.0M)]
 [Times: user=0.01 sys=0.00, real=0.01 secs] 
